[1/8] Monte Carlo evaluation...
[2/8] Significance tests (paired permutation, Holm-corrected)...
    smart-scan vs openloop-sequential: diff +0.221, p=0.0000, significant=True
    smart-scan vs openloop-random: diff +0.220, p=0.0000, significant=True
    smart-scan vs openloop-priority: diff +0.220, p=0.0000, significant=True
    smart-scan vs bandit-ucb: diff -0.525, p=1.0000, significant=False
    smart-scan vs rl-linear-q: diff -0.057, p=1.0000, significant=False
    smart-scan vs rl-dqn: diff +0.147, p=0.0000, significant=True
[2b/8] Mission Effectiveness (KPP gate + gated-MES tests)...
    PASS KPPs  MES 0.558  smart-scan
    FAIL KPPs  MES 0.742  bandit-ucb
    FAIL KPPs  MES 0.536  rl-linear-q
    FAIL KPPs  MES 0.437  openloop-random
    FAIL KPPs  MES 0.426  rl-dqn
    FAIL KPPs  MES 0.396  openloop-priority
    FAIL KPPs  MES 0.336  openloop-sequential
    gated-MES smart-scan vs openloop-sequential: diff +0.496, p=0.0000, significant=True
    gated-MES smart-scan vs openloop-random: diff +0.419, p=0.0000, significant=True
    gated-MES smart-scan vs openloop-priority: diff +0.490, p=0.0000, significant=True
    gated-MES smart-scan vs bandit-ucb: diff +0.504, p=0.0000, significant=True
    gated-MES smart-scan vs rl-linear-q: diff +0.504, p=0.0000, significant=True
    gated-MES smart-scan vs rl-dqn: diff +0.411, p=0.0000, significant=True
[3/8] Learning curves (training + greedy eval, seed-averaged)...
    identification accuracy: 100% (14/19 streams)
[4/8] ROC sweep...
[5/8] Sensitivity sweeps...
[6/8] Ablation...
[7/8] Multi-receiver coordination...
[8/8] Geolocation study...

Results -> D:\Kaarthi\Dev Space\SIH2026\p1\results
Figures -> D:\Kaarthi\Dev Space\SIH2026\p1\figures
